do {let {}; GHC.Base.Functor.return GHC.Tuple.Prim.()}
do {let {x_0 = 5}; GHC.Base.Functor.return x_0}
do {let {x_0 = 5; y_1 = 3}; GHC.Base.Functor.return x_0}
