1
1
1
ProjectionE ("foo" :| ["bar"])
T20185a.x.foo.bar
(GHC.Base.FunOps.id T20185a.x).foo.bar
(GHC.Base.FunOps.id (GHC.Base.FunOps.id T20185a.x).foo).bar
(.foo.bar)
(.foo.bar) T20185a.x
