{-# RULES "example"
    forall a_0 . forall (x_1 :: a_0) . GHC.Base.FunOps.id x_1
    = x_1 #-}
