GHC.Base.FunOps.const @GHC.Types.Int @GHC.Types.Bool (1 GHC.Num.+ 2) GHC.Types.True
(\a_0 b_1 -> (b_1, a_0)) (GHC.Maybe.Just 'x') GHC.Types.False
(GHC.Real.even GHC.Base.FunOps.. Data.Foldable.length) "Hello"
