ViewP (VarE GHC.Base.FunOps.id) (VarP x_0)
(GHC.Base.FunOps.id -> x_0)
