instance Foldable Maybe -- Defined in ‘Data.Foldable’
instance Traversable Maybe -- Defined in ‘Data.Traversable’
instance base:GHC.Base.Functor.Alternative Maybe
  -- Defined in ‘base:GHC.Base.Functor’
instance Applicative Maybe -- Defined in ‘base:GHC.Base.Functor’
instance Functor Maybe -- Defined in ‘base:GHC.Base.Functor’
instance MonadFail Maybe -- Defined in ‘Control.Monad.Fail’
instance base:GHC.Base.Functor.MonadPlus Maybe
  -- Defined in ‘base:GHC.Base.Functor’
instance Monad Maybe -- Defined in ‘base:GHC.Base.Functor’
instance GHC.Generics.SingKind w => GHC.Generics.SingKind (Maybe w)
  -- Defined in ‘GHC.Generics’
instance Semigroup w => Monoid (Maybe w)
  -- Defined in ‘base:GHC.Base.Semigroup’
instance GHC.Generics.Generic (Maybe w)
  -- Defined in ‘GHC.Generics’
instance Read w => Read (Maybe w) -- Defined in ‘GHC.Read’
instance Semigroup w => Semigroup (Maybe w)
  -- Defined in ‘base:GHC.Base.Semigroup’
instance Ord w => Ord (Maybe w) -- Defined in ‘GHC.Maybe’
instance Show w => Show (Maybe w) -- Defined in ‘GHC.Show’
instance Eq w => Eq (Maybe w) -- Defined in ‘GHC.Maybe’
instance Monoid [w] -- Defined in ‘base:GHC.Base.Semigroup’
instance Semigroup [w] -- Defined in ‘base:GHC.Base.Semigroup’
instance Read w => Read [w] -- Defined in ‘GHC.Read’
instance GHC.Generics.Generic [w] -- Defined in ‘GHC.Generics’
instance Eq w => Eq [w] -- Defined in ‘GHC.Classes’
instance Ord w => Ord [w] -- Defined in ‘GHC.Classes’
instance Show w => Show [w] -- Defined in ‘GHC.Show’
instance [safe] MyShow w => MyShow [w]
  -- Defined at ghci064.hs:8:10
instance GHC.Generics.Generic [T] -- Defined in ‘GHC.Generics’
instance Monoid [T] -- Defined in ‘base:GHC.Base.Semigroup’
instance Semigroup [T] -- Defined in ‘base:GHC.Base.Semigroup’
instance [safe] MyShow [T] -- Defined at ghci064.hs:8:10
instance [safe] MyShow [T] -- Defined at ghci064.hs:16:10
instance GHC.Generics.SingKind Bool -- Defined in ‘GHC.Generics’
instance Foreign.Storable.Storable Bool
  -- Defined in ‘Foreign.Storable’
instance GHC.Generics.Generic Bool -- Defined in ‘GHC.Generics’
instance GHC.Bits.Bits Bool -- Defined in ‘GHC.Bits’
instance Bounded Bool -- Defined in ‘GHC.Enum’
instance Enum Bool -- Defined in ‘GHC.Enum’
instance GHC.Bits.FiniteBits Bool -- Defined in ‘GHC.Bits’
instance GHC.Ix.Ix Bool -- Defined in ‘GHC.Ix’
instance Ord Bool -- Defined in ‘GHC.Classes’
instance Read Bool -- Defined in ‘GHC.Read’
instance Show Bool -- Defined in ‘GHC.Show’
instance Eq Bool -- Defined in ‘GHC.Classes’
instance Traversable ((,) Int) -- Defined in ‘Data.Traversable’
instance Foldable ((,) Int) -- Defined in ‘Data.Foldable’
instance Functor ((,) Int) -- Defined in ‘base:GHC.Base.Functor’
