type (->) :: * -> * -> *
type (->) = FUN Many :: * -> * -> *
  	-- Defined in ‘GHC.Types’
infixr -1 ->
instance Monoid b => Monoid (a -> b)
  -- Defined in ‘base-4.18.0.0:GHC.Base.Semigroup’
instance Semigroup b => Semigroup (a -> b)
  -- Defined in ‘base-4.18.0.0:GHC.Base.Semigroup’
instance Applicative ((->) r)
  -- Defined in ‘base-4.18.0.0:GHC.Base.Functor’
instance Functor ((->) r)
  -- Defined in ‘base-4.18.0.0:GHC.Base.Functor’
instance Monad ((->) r)
  -- Defined in ‘base-4.18.0.0:GHC.Base.Functor’
