[InstanceD Nothing [] (AppT (ConT GHC.Base.Functor.Monad) (AppT (ConT GHC.Tuple.Prim.Tuple2) (VarT a_0))) [ValD (VarP GHC.Base.Functor.>>=) (NormalB (VarE GHC.Err.undefined)) []]]
