($!) :: (a -> b) -> a -> b
  	-- Defined in ‘base-4.18.0.0:GHC.Base.FunOps’
infixr 0 $!
