Just (InfoProv {ipName = "ACon_con_info", ipDesc = "2", ipTyDesc = "", ipLabel = "", ipMod = "Main", ipSrcFile = "", ipSrcSpan = ""})
Just (InfoProv {ipName = "ACon_con_info", ipDesc = "2", ipTyDesc = "", ipLabel = "", ipMod = "Main", ipSrcFile = "", ipSrcSpan = ""})
Just (InfoProv {ipName = "BCon_Main_0_con_info", ipDesc = "2", ipTyDesc = "B", ipLabel = "cafB1", ipMod = "Main", ipSrcFile = "Main.hs", ipSrcSpan = "27:1-18"})
Just (InfoProv {ipName = "BCon_Main_1_con_info", ipDesc = "2", ipTyDesc = "B", ipLabel = "cafB2", ipMod = "Main", ipSrcFile = "Main.hs", ipSrcSpan = "28:1-18"})
Just (InfoProv {ipName = "CCon_con_info", ipDesc = "2", ipTyDesc = "", ipLabel = "", ipMod = "Main", ipSrcFile = "", ipSrcSpan = ""})
Just (InfoProv {ipName = "CCon_con_info", ipDesc = "2", ipTyDesc = "", ipLabel = "", ipMod = "Main", ipSrcFile = "", ipSrcSpan = ""})
Just (InfoProv {ipName = "ACon_con_info", ipDesc = "2", ipTyDesc = "", ipLabel = "", ipMod = "Main", ipSrcFile = "", ipSrcSpan = ""})
Just (InfoProv {ipName = "ACon_con_info", ipDesc = "2", ipTyDesc = "", ipLabel = "", ipMod = "X", ipSrcFile = "", ipSrcSpan = ""})
Just (InfoProv {ipName = "ACon_con_info", ipDesc = "2", ipTyDesc = "", ipLabel = "", ipMod = "X", ipSrcFile = "", ipSrcSpan = ""})
Just (InfoProv {ipName = "ACon_con_info", ipDesc = "2", ipTyDesc = "", ipLabel = "", ipMod = "X", ipSrcFile = "", ipSrcSpan = ""})
Just (InfoProv {ipName = "ACon_con_info", ipDesc = "2", ipTyDesc = "", ipLabel = "", ipMod = "X", ipSrcFile = "", ipSrcSpan = ""})
Just (InfoProv {ipName = "BCon_Main_3_con_info", ipDesc = "2", ipTyDesc = "B", ipLabel = "main", ipMod = "Main", ipSrcFile = "Main.hs", ipSrcSpan = "18:13-34"})
Just (InfoProv {ipName = "CCon_con_info", ipDesc = "2", ipTyDesc = "", ipLabel = "", ipMod = "Main", ipSrcFile = "", ipSrcSpan = ""})
