Just (InfoProv {ipName = "ACon_con_info", ipDesc = "2", ipTyDesc = "", ipLabel = "", ipMod = "Main", ipSrcFile = "", ipSrcSpan = ""})
Just (InfoProv {ipName = "ACon_con_info", ipDesc = "2", ipTyDesc = "", ipLabel = "", ipMod = "Main", ipSrcFile = "", ipSrcSpan = ""})
Just (InfoProv {ipName = "BCon_con_info", ipDesc = "2", ipTyDesc = "", ipLabel = "", ipMod = "Main", ipSrcFile = "", ipSrcSpan = ""})
Just (InfoProv {ipName = "BCon_con_info", ipDesc = "2", ipTyDesc = "", ipLabel = "", ipMod = "Main", ipSrcFile = "", ipSrcSpan = ""})
Just (InfoProv {ipName = "CCon_Main_0_con_info", ipDesc = "2", ipTyDesc = "C", ipLabel = "cafC1", ipMod = "Main", ipSrcFile = "Main.hs", ipSrcSpan = "29:1-27"})
Just (InfoProv {ipName = "CCon_Main_1_con_info", ipDesc = "2", ipTyDesc = "C", ipLabel = "cafC2", ipMod = "Main", ipSrcFile = "Main.hs", ipSrcSpan = "30:1-27"})
Just (InfoProv {ipName = "ACon_con_info", ipDesc = "2", ipTyDesc = "", ipLabel = "", ipMod = "Main", ipSrcFile = "", ipSrcSpan = ""})
Just (InfoProv {ipName = "ACon_con_info", ipDesc = "2", ipTyDesc = "", ipLabel = "", ipMod = "X", ipSrcFile = "", ipSrcSpan = ""})
Just (InfoProv {ipName = "ACon_con_info", ipDesc = "2", ipTyDesc = "", ipLabel = "", ipMod = "X", ipSrcFile = "", ipSrcSpan = ""})
Just (InfoProv {ipName = "ACon_con_info", ipDesc = "2", ipTyDesc = "", ipLabel = "", ipMod = "X", ipSrcFile = "", ipSrcSpan = ""})
Just (InfoProv {ipName = "ACon_con_info", ipDesc = "2", ipTyDesc = "", ipLabel = "", ipMod = "X", ipSrcFile = "", ipSrcSpan = ""})
Just (InfoProv {ipName = "BCon_con_info", ipDesc = "2", ipTyDesc = "", ipLabel = "", ipMod = "Main", ipSrcFile = "", ipSrcSpan = ""})
Just (InfoProv {ipName = "CCon_Main_2_con_info", ipDesc = "2", ipTyDesc = "C", ipLabel = "main", ipMod = "Main", ipSrcFile = "Main.hs", ipSrcSpan = "19:30-34"})
