Just (InfoProv {ipName = "ACon_Main_0_con_info", ipDesc = "2", ipTyDesc = "A", ipLabel = "cafA1", ipMod = "Main", ipSrcFile = "Main.hs", ipSrcSpan = "25:1-15"})
Just (InfoProv {ipName = "ACon_Main_1_con_info", ipDesc = "2", ipTyDesc = "A", ipLabel = "cafA2", ipMod = "Main", ipSrcFile = "Main.hs", ipSrcSpan = "26:1-15"})
Just (InfoProv {ipName = "BCon_con_info", ipDesc = "2", ipTyDesc = "", ipLabel = "", ipMod = "Main", ipSrcFile = "", ipSrcSpan = ""})
Just (InfoProv {ipName = "BCon_con_info", ipDesc = "2", ipTyDesc = "", ipLabel = "", ipMod = "Main", ipSrcFile = "", ipSrcSpan = ""})
Just (InfoProv {ipName = "CCon_Main_0_con_info", ipDesc = "2", ipTyDesc = "C", ipLabel = "cafC1", ipMod = "Main", ipSrcFile = "Main.hs", ipSrcSpan = "29:1-27"})
Just (InfoProv {ipName = "CCon_Main_1_con_info", ipDesc = "2", ipTyDesc = "C", ipLabel = "cafC2", ipMod = "Main", ipSrcFile = "Main.hs", ipSrcSpan = "30:1-27"})
Just (InfoProv {ipName = "ACon_Main_3_con_info", ipDesc = "2", ipTyDesc = "A", ipLabel = "main", ipMod = "Main", ipSrcFile = "Main.hs", ipSrcSpan = "13:13-31"})
Just (InfoProv {ipName = "ACon_Main_0_con_info", ipDesc = "2", ipTyDesc = "X", ipLabel = "cafXA", ipMod = "Main", ipSrcFile = "Main.hs", ipSrcSpan = "32:1-17"})
Just (InfoProv {ipName = "ACon_X_0_con_info", ipDesc = "2", ipTyDesc = "X", ipLabel = "cafXA1", ipMod = "X", ipSrcFile = "./X.hs", ipSrcSpan = "6:1-16"})
Just (InfoProv {ipName = "ACon_X_1_con_info", ipDesc = "2", ipTyDesc = "X", ipLabel = "cafXA2", ipMod = "X", ipSrcFile = "./X.hs", ipSrcSpan = "7:1-16"})
Just (InfoProv {ipName = "ACon_Main_1_con_info", ipDesc = "2", ipTyDesc = "X", ipLabel = "main", ipMod = "Main", ipSrcFile = "Main.hs", ipSrcSpan = "17:13-33"})
Just (InfoProv {ipName = "BCon_con_info", ipDesc = "2", ipTyDesc = "", ipLabel = "", ipMod = "Main", ipSrcFile = "", ipSrcSpan = ""})
Just (InfoProv {ipName = "CCon_Main_2_con_info", ipDesc = "2", ipTyDesc = "C", ipLabel = "main", ipMod = "Main", ipSrcFile = "Main.hs", ipSrcSpan = "19:30-34"})
