Cannot set breakpoint on ‘Data.List.map’: Module ‘base:GHC.Base.List’ is not interpreted
Cannot set breakpoint on ‘Data.List.map’: Module ‘base:GHC.Base.List’ is not interpreted
