-fno-print-explicit-runtime-reps
($) :: (a -> b) -> a -> b
($) :: (a -> b) -> a -> b
  	-- Defined in ‘base-4.18.0.0:GHC.Base.FunOps’
infixr 0 $
TYPE :: RuntimeRep -> *
error :: GHC.Stack.Types.HasCallStack => [Char] -> a
error :: GHC.Stack.Types.HasCallStack => [Char] -> a
  	-- Defined in ‘GHC.Err’

-fprint-explicit-runtime-reps
($)
  :: forall (repa :: RuntimeRep) (repb :: RuntimeRep)
            (a :: TYPE repa) (b :: TYPE repb).
     (a -> b) -> a -> b
($) ::
  forall (repa :: RuntimeRep) (repb :: RuntimeRep) (a :: TYPE repa)
         (b :: TYPE repb).
  (a -> b) -> a -> b
  	-- Defined in ‘base-4.18.0.0:GHC.Base.FunOps’
infixr 0 $
TYPE :: RuntimeRep -> *
error
  :: forall (r :: RuntimeRep) (a :: TYPE r).
     GHC.Stack.Types.HasCallStack =>
     [Char] -> a
error ::
  forall (r :: RuntimeRep) (a :: TYPE r).
  GHC.Stack.Types.HasCallStack =>
  [Char] -> a
  	-- Defined in ‘GHC.Err’
