($) :: (a -> b) -> a -> b
(($)) :: (a -> b) -> a -> b
($) :: (a -> b) -> a -> b
  	-- Defined in ‘base-4.18.0.0:GHC.Base.FunOps’
infixr 0 $
($)
  :: forall (repa :: GHC.Types.RuntimeRep)
            (repb :: GHC.Types.RuntimeRep) (a :: TYPE repa) (b :: TYPE repb).
     (a -> b) -> a -> b
(($))
  :: forall (repa :: GHC.Types.RuntimeRep)
            (repb :: GHC.Types.RuntimeRep) (a :: TYPE repa) (b :: TYPE repb).
     (a -> b) -> a -> b
($) ::
  forall (repa :: GHC.Types.RuntimeRep)
         (repb :: GHC.Types.RuntimeRep) (a :: TYPE repa) (b :: TYPE repb).
  (a -> b) -> a -> b
  	-- Defined in ‘base-4.18.0.0:GHC.Base.FunOps’
infixr 0 $
