parsePlugin(a,b)
interfacePlugin: Prelude
interfacePlugin: GHC.Base.List
interfacePlugin: GHC.Base.String
interfacePlugin: GHC.Float
interfacePlugin: GHC.Prim.Ext
typeCheckPlugin (rn)
typeCheckPlugin (tc)
interfacePlugin: GHC.Num.BigNat
