==pure.0
parsePlugin()
interfacePlugin: Prelude
interfacePlugin: GHC.Base.List
interfacePlugin: GHC.Base.String
interfacePlugin: GHC.Float
interfacePlugin: GHC.Prim.Ext
interfacePlugin: System.IO
interfacePlugin: GHC.Types
interfacePlugin: GHC.Show
typeCheckPlugin (rn)
interfacePlugin: GHC.TopHandler
typeCheckPlugin (tc)
interfacePlugin: GHC.CString
interfacePlugin: GHC.Prim
interfacePlugin: GHC.Num.BigNat
==pure.1
==fp0.0
parsePlugin()
typeCheckPlugin (rn)
typeCheckPlugin (tc)
==fp0.1
==fp1
parsePlugin()
typeCheckPlugin (rn)
typeCheckPlugin (tc)
